ERROR - 2026-05-11 12:44:02 --> Error connecting to the database: mysqli_sql_exception: No connection could be made because the target machine actively refused it in C:\TUGAS AMEL\PHP MY ADMIN\htdocs\lab11_ci\ci4\system\Database\MySQLi\Connection.php:201
Stack trace:
#0 C:\TUGAS AMEL\PHP MY ADMIN\htdocs\lab11_ci\ci4\system\Database\MySQLi\Connection.php(201): mysqli->real_connect('localhost', 'root', Object(SensitiveParameterValue), 'lab_ci4', 3306, '', 0)
#1 C:\TUGAS AMEL\PHP MY ADMIN\htdocs\lab11_ci\ci4\system\Database\BaseConnection.php(419): CodeIgniter\Database\MySQLi\Connection->connect(false)
#2 C:\TUGAS AMEL\PHP MY ADMIN\htdocs\lab11_ci\ci4\system\Database\BaseConnection.php(654): CodeIgniter\Database\BaseConnection->initialize()
#3 C:\TUGAS AMEL\PHP MY ADMIN\htdocs\lab11_ci\ci4\system\Database\BaseBuilder.php(1649): CodeIgniter\Database\BaseConnection->query('SELECT *\nFROM `...', Array, false)
#4 C:\TUGAS AMEL\PHP MY ADMIN\htdocs\lab11_ci\ci4\system\Model.php(254): CodeIgniter\Database\BaseBuilder->get()
#5 C:\TUGAS AMEL\PHP MY ADMIN\htdocs\lab11_ci\ci4\system\BaseModel.php(675): CodeIgniter\Model->doFindAll(0, 0)
#6 C:\TUGAS AMEL\PHP MY ADMIN\htdocs\lab11_ci\ci4\app\Cells\ArtikelTerkini.php(20): CodeIgniter\BaseModel->findAll()
#7 C:\TUGAS AMEL\PHP MY ADMIN\htdocs\lab11_ci\ci4\system\View\Cell.php(304): App\Cells\ArtikelTerkini->renderByKategori('teknologi')
#8 C:\TUGAS AMEL\PHP MY ADMIN\htdocs\lab11_ci\ci4\system\View\Cell.php(106): CodeIgniter\View\Cell->renderSimpleClass(Object(App\Cells\ArtikelTerkini), 'renderByKategor...', Array, 'App\\Cells\\Artik...')
#9 C:\TUGAS AMEL\PHP MY ADMIN\htdocs\lab11_ci\ci4\system\Common.php(1266): CodeIgniter\View\Cell->render('App\\Cells\\Artik...', Array, 0, 'AppCellsArtikel...')
#10 C:\TUGAS AMEL\PHP MY ADMIN\htdocs\lab11_ci\ci4\app\Views\layout\main.php(45): view_cell('App\\Cells\\Artik...', Array)
#11 C:\TUGAS AMEL\PHP MY ADMIN\htdocs\lab11_ci\ci4\system\View\View.php(238): include('C:\\TUGAS AMEL\\P...')
#12 C:\TUGAS AMEL\PHP MY ADMIN\htdocs\lab11_ci\ci4\system\View\View.php(241): CodeIgniter\View\View->CodeIgniter\View\{closure}()
#13 C:\TUGAS AMEL\PHP MY ADMIN\htdocs\lab11_ci\ci4\system\View\View.php(254): CodeIgniter\View\View->render('layout/main', Array, true)
#14 C:\TUGAS AMEL\PHP MY ADMIN\htdocs\lab11_ci\ci4\system\Common.php(1250): CodeIgniter\View\View->render('contact', Array, true)
#15 C:\TUGAS AMEL\PHP MY ADMIN\htdocs\lab11_ci\ci4\app\Controllers\Page.php(17): view('contact', Array)
#16 C:\TUGAS AMEL\PHP MY ADMIN\htdocs\lab11_ci\ci4\system\CodeIgniter.php(951): App\Controllers\Page->contact()
#17 C:\TUGAS AMEL\PHP MY ADMIN\htdocs\lab11_ci\ci4\system\CodeIgniter.php(497): CodeIgniter\CodeIgniter->runController(Object(App\Controllers\Page))
#18 C:\TUGAS AMEL\PHP MY ADMIN\htdocs\lab11_ci\ci4\system\CodeIgniter.php(340): CodeIgniter\CodeIgniter->handleRequest(NULL, Object(Config\Cache), false)
#19 C:\TUGAS AMEL\PHP MY ADMIN\htdocs\lab11_ci\ci4\system\Boot.php(417): CodeIgniter\CodeIgniter->run()
#20 C:\TUGAS AMEL\PHP MY ADMIN\htdocs\lab11_ci\ci4\system\Boot.php(68): CodeIgniter\Boot::runCodeIgniter(Object(CodeIgniter\CodeIgniter))
#21 C:\TUGAS AMEL\PHP MY ADMIN\htdocs\lab11_ci\ci4\public\index.php(59): CodeIgniter\Boot::bootWeb(Object(Config\Paths))
#22 C:\TUGAS AMEL\PHP MY ADMIN\htdocs\lab11_ci\ci4\system\rewrite.php(44): require_once('C:\\TUGAS AMEL\\P...')
#23 {main}

Next CodeIgniter\Database\Exceptions\DatabaseException: No connection could be made because the target machine actively refused it in C:\TUGAS AMEL\PHP MY ADMIN\htdocs\lab11_ci\ci4\system\Database\MySQLi\Connection.php:231
Stack trace:
#0 C:\TUGAS AMEL\PHP MY ADMIN\htdocs\lab11_ci\ci4\system\Database\BaseConnection.php(419): CodeIgniter\Database\MySQLi\Connection->connect(false)
#1 C:\TUGAS AMEL\PHP MY ADMIN\htdocs\lab11_ci\ci4\system\Database\BaseConnection.php(654): CodeIgniter\Database\BaseConnection->initialize()
#2 C:\TUGAS AMEL\PHP MY ADMIN\htdocs\lab11_ci\ci4\system\Database\BaseBuilder.php(1649): CodeIgniter\Database\BaseConnection->query('SELECT *\nFROM `...', Array, false)
#3 C:\TUGAS AMEL\PHP MY ADMIN\htdocs\lab11_ci\ci4\system\Model.php(254): CodeIgniter\Database\BaseBuilder->get()
#4 C:\TUGAS AMEL\PHP MY ADMIN\htdocs\lab11_ci\ci4\system\BaseModel.php(675): CodeIgniter\Model->doFindAll(0, 0)
#5 C:\TUGAS AMEL\PHP MY ADMIN\htdocs\lab11_ci\ci4\app\Cells\ArtikelTerkini.php(20): CodeIgniter\BaseModel->findAll()
#6 C:\TUGAS AMEL\PHP MY ADMIN\htdocs\lab11_ci\ci4\system\View\Cell.php(304): App\Cells\ArtikelTerkini->renderByKategori('teknologi')
#7 C:\TUGAS AMEL\PHP MY ADMIN\htdocs\lab11_ci\ci4\system\View\Cell.php(106): CodeIgniter\View\Cell->renderSimpleClass(Object(App\Cells\ArtikelTerkini), 'renderByKategor...', Array, 'App\\Cells\\Artik...')
#8 C:\TUGAS AMEL\PHP MY ADMIN\htdocs\lab11_ci\ci4\system\Common.php(1266): CodeIgniter\View\Cell->render('App\\Cells\\Artik...', Array, 0, 'AppCellsArtikel...')
#9 C:\TUGAS AMEL\PHP MY ADMIN\htdocs\lab11_ci\ci4\app\Views\layout\main.php(45): view_cell('App\\Cells\\Artik...', Array)
#10 C:\TUGAS AMEL\PHP MY ADMIN\htdocs\lab11_ci\ci4\system\View\View.php(238): include('C:\\TUGAS AMEL\\P...')
#11 C:\TUGAS AMEL\PHP MY ADMIN\htdocs\lab11_ci\ci4\system\View\View.php(241): CodeIgniter\View\View->CodeIgniter\View\{closure}()
#12 C:\TUGAS AMEL\PHP MY ADMIN\htdocs\lab11_ci\ci4\system\View\View.php(254): CodeIgniter\View\View->render('layout/main', Array, true)
#13 C:\TUGAS AMEL\PHP MY ADMIN\htdocs\lab11_ci\ci4\system\Common.php(1250): CodeIgniter\View\View->render('contact', Array, true)
#14 C:\TUGAS AMEL\PHP MY ADMIN\htdocs\lab11_ci\ci4\app\Controllers\Page.php(17): view('contact', Array)
#15 C:\TUGAS AMEL\PHP MY ADMIN\htdocs\lab11_ci\ci4\system\CodeIgniter.php(951): App\Controllers\Page->contact()
#16 C:\TUGAS AMEL\PHP MY ADMIN\htdocs\lab11_ci\ci4\system\CodeIgniter.php(497): CodeIgniter\CodeIgniter->runController(Object(App\Controllers\Page))
#17 C:\TUGAS AMEL\PHP MY ADMIN\htdocs\lab11_ci\ci4\system\CodeIgniter.php(340): CodeIgniter\CodeIgniter->handleRequest(NULL, Object(Config\Cache), false)
#18 C:\TUGAS AMEL\PHP MY ADMIN\htdocs\lab11_ci\ci4\system\Boot.php(417): CodeIgniter\CodeIgniter->run()
#19 C:\TUGAS AMEL\PHP MY ADMIN\htdocs\lab11_ci\ci4\system\Boot.php(68): CodeIgniter\Boot::runCodeIgniter(Object(CodeIgniter\CodeIgniter))
#20 C:\TUGAS AMEL\PHP MY ADMIN\htdocs\lab11_ci\ci4\public\index.php(59): CodeIgniter\Boot::bootWeb(Object(Config\Paths))
#21 C:\TUGAS AMEL\PHP MY ADMIN\htdocs\lab11_ci\ci4\system\rewrite.php(44): require_once('C:\\TUGAS AMEL\\P...')
#22 {main}
CRITICAL - 2026-05-11 12:44:02 --> CodeIgniter\Database\Exceptions\DatabaseException: Unable to connect to the database.
Main connection [MySQLi]: No connection could be made because the target machine actively refused it
[Method: GET, Route: contact]
in SYSTEMPATH\Database\BaseConnection.php on line 465.
 1 SYSTEMPATH\Database\BaseConnection.php(654): CodeIgniter\Database\BaseConnection->initialize()
 2 SYSTEMPATH\Database\BaseBuilder.php(1649): CodeIgniter\Database\BaseConnection->query('SELECT *
FROM `artikel`
WHERE `kategori` = :kategori:
ORDER BY `created_at` DESC
 LIMIT 5', [...], false)
 3 SYSTEMPATH\Model.php(254): CodeIgniter\Database\BaseBuilder->get()
 4 SYSTEMPATH\BaseModel.php(675): CodeIgniter\Model->doFindAll(0, 0)
 5 APPPATH\Cells\ArtikelTerkini.php(20): CodeIgniter\BaseModel->findAll()
 6 SYSTEMPATH\View\Cell.php(304): App\Cells\ArtikelTerkini->renderByKategori('teknologi')
 7 SYSTEMPATH\View\Cell.php(106): CodeIgniter\View\Cell->renderSimpleClass(Object(App\Cells\ArtikelTerkini), 'renderByKategori', [...], 'App\\Cells\\ArtikelTerkini')
 8 SYSTEMPATH\Common.php(1266): CodeIgniter\View\Cell->render('App\\Cells\\ArtikelTerkini::renderByKategori', [...], 0, 'AppCellsArtikelTerkinirenderByKategorie9b9c12a3ca59f4231e83406bad3441e')
 9 APPPATH\Views\layout\main.php(45): view_cell('App\\Cells\\ArtikelTerkini::renderByKategori', [...])
10 SYSTEMPATH\View\View.php(238): include('C:\\TUGAS AMEL\\PHP MY ADMIN\\htdocs\\lab11_ci\\ci4\\app\\Views\\layout\\main.php')
11 SYSTEMPATH\View\View.php(241): CodeIgniter\View\View->CodeIgniter\View\{closure}()
12 SYSTEMPATH\View\View.php(254): CodeIgniter\View\View->render('layout/main', [], true)
13 SYSTEMPATH\Common.php(1250): CodeIgniter\View\View->render('contact', [], true)
14 APPPATH\Controllers\Page.php(17): view('contact', [...])
15 SYSTEMPATH\CodeIgniter.php(951): App\Controllers\Page->contact()
16 SYSTEMPATH\CodeIgniter.php(497): CodeIgniter\CodeIgniter->runController(Object(App\Controllers\Page))
17 SYSTEMPATH\CodeIgniter.php(340): CodeIgniter\CodeIgniter->handleRequest(null, Object(Config\Cache), false)
18 SYSTEMPATH\Boot.php(417): CodeIgniter\CodeIgniter->run()
19 SYSTEMPATH\Boot.php(68): CodeIgniter\Boot::runCodeIgniter(Object(CodeIgniter\CodeIgniter))
20 FCPATH\index.php(59): CodeIgniter\Boot::bootWeb(Object(Config\Paths))
21 SYSTEMPATH\rewrite.php(44): require_once('C:\\TUGAS AMEL\\PHP MY ADMIN\\htdocs\\lab11_ci\\ci4\\public\\index.php')
ERROR - 2026-05-11 12:44:07 --> Error connecting to the database: mysqli_sql_exception: No connection could be made because the target machine actively refused it in C:\TUGAS AMEL\PHP MY ADMIN\htdocs\lab11_ci\ci4\system\Database\MySQLi\Connection.php:201
Stack trace:
#0 C:\TUGAS AMEL\PHP MY ADMIN\htdocs\lab11_ci\ci4\system\Database\MySQLi\Connection.php(201): mysqli->real_connect('localhost', 'root', Object(SensitiveParameterValue), 'lab_ci4', 3306, '', 0)
#1 C:\TUGAS AMEL\PHP MY ADMIN\htdocs\lab11_ci\ci4\system\Database\BaseConnection.php(419): CodeIgniter\Database\MySQLi\Connection->connect(false)
#2 C:\TUGAS AMEL\PHP MY ADMIN\htdocs\lab11_ci\ci4\system\Database\BaseConnection.php(654): CodeIgniter\Database\BaseConnection->initialize()
#3 C:\TUGAS AMEL\PHP MY ADMIN\htdocs\lab11_ci\ci4\system\Database\BaseBuilder.php(1649): CodeIgniter\Database\BaseConnection->query('SELECT *\nFROM `...', Array, false)
#4 C:\TUGAS AMEL\PHP MY ADMIN\htdocs\lab11_ci\ci4\system\Model.php(254): CodeIgniter\Database\BaseBuilder->get()
#5 C:\TUGAS AMEL\PHP MY ADMIN\htdocs\lab11_ci\ci4\system\BaseModel.php(675): CodeIgniter\Model->doFindAll(0, 0)
#6 C:\TUGAS AMEL\PHP MY ADMIN\htdocs\lab11_ci\ci4\app\Cells\ArtikelTerkini.php(20): CodeIgniter\BaseModel->findAll()
#7 C:\TUGAS AMEL\PHP MY ADMIN\htdocs\lab11_ci\ci4\system\View\Cell.php(304): App\Cells\ArtikelTerkini->renderByKategori('teknologi')
#8 C:\TUGAS AMEL\PHP MY ADMIN\htdocs\lab11_ci\ci4\system\View\Cell.php(106): CodeIgniter\View\Cell->renderSimpleClass(Object(App\Cells\ArtikelTerkini), 'renderByKategor...', Array, 'App\\Cells\\Artik...')
#9 C:\TUGAS AMEL\PHP MY ADMIN\htdocs\lab11_ci\ci4\system\Common.php(1266): CodeIgniter\View\Cell->render('App\\Cells\\Artik...', Array, 0, 'AppCellsArtikel...')
#10 C:\TUGAS AMEL\PHP MY ADMIN\htdocs\lab11_ci\ci4\app\Views\layout\main.php(45): view_cell('App\\Cells\\Artik...', Array)
#11 C:\TUGAS AMEL\PHP MY ADMIN\htdocs\lab11_ci\ci4\system\View\View.php(238): include('C:\\TUGAS AMEL\\P...')
#12 C:\TUGAS AMEL\PHP MY ADMIN\htdocs\lab11_ci\ci4\system\View\View.php(241): CodeIgniter\View\View->CodeIgniter\View\{closure}()
#13 C:\TUGAS AMEL\PHP MY ADMIN\htdocs\lab11_ci\ci4\system\View\View.php(254): CodeIgniter\View\View->render('layout/main', Array, true)
#14 C:\TUGAS AMEL\PHP MY ADMIN\htdocs\lab11_ci\ci4\system\Common.php(1250): CodeIgniter\View\View->render('contact', Array, true)
#15 C:\TUGAS AMEL\PHP MY ADMIN\htdocs\lab11_ci\ci4\app\Controllers\Page.php(17): view('contact', Array)
#16 C:\TUGAS AMEL\PHP MY ADMIN\htdocs\lab11_ci\ci4\system\CodeIgniter.php(951): App\Controllers\Page->contact()
#17 C:\TUGAS AMEL\PHP MY ADMIN\htdocs\lab11_ci\ci4\system\CodeIgniter.php(497): CodeIgniter\CodeIgniter->runController(Object(App\Controllers\Page))
#18 C:\TUGAS AMEL\PHP MY ADMIN\htdocs\lab11_ci\ci4\system\CodeIgniter.php(340): CodeIgniter\CodeIgniter->handleRequest(NULL, Object(Config\Cache), false)
#19 C:\TUGAS AMEL\PHP MY ADMIN\htdocs\lab11_ci\ci4\system\Boot.php(417): CodeIgniter\CodeIgniter->run()
#20 C:\TUGAS AMEL\PHP MY ADMIN\htdocs\lab11_ci\ci4\system\Boot.php(68): CodeIgniter\Boot::runCodeIgniter(Object(CodeIgniter\CodeIgniter))
#21 C:\TUGAS AMEL\PHP MY ADMIN\htdocs\lab11_ci\ci4\public\index.php(59): CodeIgniter\Boot::bootWeb(Object(Config\Paths))
#22 C:\TUGAS AMEL\PHP MY ADMIN\htdocs\lab11_ci\ci4\system\rewrite.php(44): require_once('C:\\TUGAS AMEL\\P...')
#23 {main}

Next CodeIgniter\Database\Exceptions\DatabaseException: No connection could be made because the target machine actively refused it in C:\TUGAS AMEL\PHP MY ADMIN\htdocs\lab11_ci\ci4\system\Database\MySQLi\Connection.php:231
Stack trace:
#0 C:\TUGAS AMEL\PHP MY ADMIN\htdocs\lab11_ci\ci4\system\Database\BaseConnection.php(419): CodeIgniter\Database\MySQLi\Connection->connect(false)
#1 C:\TUGAS AMEL\PHP MY ADMIN\htdocs\lab11_ci\ci4\system\Database\BaseConnection.php(654): CodeIgniter\Database\BaseConnection->initialize()
#2 C:\TUGAS AMEL\PHP MY ADMIN\htdocs\lab11_ci\ci4\system\Database\BaseBuilder.php(1649): CodeIgniter\Database\BaseConnection->query('SELECT *\nFROM `...', Array, false)
#3 C:\TUGAS AMEL\PHP MY ADMIN\htdocs\lab11_ci\ci4\system\Model.php(254): CodeIgniter\Database\BaseBuilder->get()
#4 C:\TUGAS AMEL\PHP MY ADMIN\htdocs\lab11_ci\ci4\system\BaseModel.php(675): CodeIgniter\Model->doFindAll(0, 0)
#5 C:\TUGAS AMEL\PHP MY ADMIN\htdocs\lab11_ci\ci4\app\Cells\ArtikelTerkini.php(20): CodeIgniter\BaseModel->findAll()
#6 C:\TUGAS AMEL\PHP MY ADMIN\htdocs\lab11_ci\ci4\system\View\Cell.php(304): App\Cells\ArtikelTerkini->renderByKategori('teknologi')
#7 C:\TUGAS AMEL\PHP MY ADMIN\htdocs\lab11_ci\ci4\system\View\Cell.php(106): CodeIgniter\View\Cell->renderSimpleClass(Object(App\Cells\ArtikelTerkini), 'renderByKategor...', Array, 'App\\Cells\\Artik...')
#8 C:\TUGAS AMEL\PHP MY ADMIN\htdocs\lab11_ci\ci4\system\Common.php(1266): CodeIgniter\View\Cell->render('App\\Cells\\Artik...', Array, 0, 'AppCellsArtikel...')
#9 C:\TUGAS AMEL\PHP MY ADMIN\htdocs\lab11_ci\ci4\app\Views\layout\main.php(45): view_cell('App\\Cells\\Artik...', Array)
#10 C:\TUGAS AMEL\PHP MY ADMIN\htdocs\lab11_ci\ci4\system\View\View.php(238): include('C:\\TUGAS AMEL\\P...')
#11 C:\TUGAS AMEL\PHP MY ADMIN\htdocs\lab11_ci\ci4\system\View\View.php(241): CodeIgniter\View\View->CodeIgniter\View\{closure}()
#12 C:\TUGAS AMEL\PHP MY ADMIN\htdocs\lab11_ci\ci4\system\View\View.php(254): CodeIgniter\View\View->render('layout/main', Array, true)
#13 C:\TUGAS AMEL\PHP MY ADMIN\htdocs\lab11_ci\ci4\system\Common.php(1250): CodeIgniter\View\View->render('contact', Array, true)
#14 C:\TUGAS AMEL\PHP MY ADMIN\htdocs\lab11_ci\ci4\app\Controllers\Page.php(17): view('contact', Array)
#15 C:\TUGAS AMEL\PHP MY ADMIN\htdocs\lab11_ci\ci4\system\CodeIgniter.php(951): App\Controllers\Page->contact()
#16 C:\TUGAS AMEL\PHP MY ADMIN\htdocs\lab11_ci\ci4\system\CodeIgniter.php(497): CodeIgniter\CodeIgniter->runController(Object(App\Controllers\Page))
#17 C:\TUGAS AMEL\PHP MY ADMIN\htdocs\lab11_ci\ci4\system\CodeIgniter.php(340): CodeIgniter\CodeIgniter->handleRequest(NULL, Object(Config\Cache), false)
#18 C:\TUGAS AMEL\PHP MY ADMIN\htdocs\lab11_ci\ci4\system\Boot.php(417): CodeIgniter\CodeIgniter->run()
#19 C:\TUGAS AMEL\PHP MY ADMIN\htdocs\lab11_ci\ci4\system\Boot.php(68): CodeIgniter\Boot::runCodeIgniter(Object(CodeIgniter\CodeIgniter))
#20 C:\TUGAS AMEL\PHP MY ADMIN\htdocs\lab11_ci\ci4\public\index.php(59): CodeIgniter\Boot::bootWeb(Object(Config\Paths))
#21 C:\TUGAS AMEL\PHP MY ADMIN\htdocs\lab11_ci\ci4\system\rewrite.php(44): require_once('C:\\TUGAS AMEL\\P...')
#22 {main}
CRITICAL - 2026-05-11 12:44:07 --> CodeIgniter\Database\Exceptions\DatabaseException: Unable to connect to the database.
Main connection [MySQLi]: No connection could be made because the target machine actively refused it
[Method: GET, Route: contact]
in SYSTEMPATH\Database\BaseConnection.php on line 465.
 1 SYSTEMPATH\Database\BaseConnection.php(654): CodeIgniter\Database\BaseConnection->initialize()
 2 SYSTEMPATH\Database\BaseBuilder.php(1649): CodeIgniter\Database\BaseConnection->query('SELECT *
FROM `artikel`
WHERE `kategori` = :kategori:
ORDER BY `created_at` DESC
 LIMIT 5', [...], false)
 3 SYSTEMPATH\Model.php(254): CodeIgniter\Database\BaseBuilder->get()
 4 SYSTEMPATH\BaseModel.php(675): CodeIgniter\Model->doFindAll(0, 0)
 5 APPPATH\Cells\ArtikelTerkini.php(20): CodeIgniter\BaseModel->findAll()
 6 SYSTEMPATH\View\Cell.php(304): App\Cells\ArtikelTerkini->renderByKategori('teknologi')
 7 SYSTEMPATH\View\Cell.php(106): CodeIgniter\View\Cell->renderSimpleClass(Object(App\Cells\ArtikelTerkini), 'renderByKategori', [...], 'App\\Cells\\ArtikelTerkini')
 8 SYSTEMPATH\Common.php(1266): CodeIgniter\View\Cell->render('App\\Cells\\ArtikelTerkini::renderByKategori', [...], 0, 'AppCellsArtikelTerkinirenderByKategorie9b9c12a3ca59f4231e83406bad3441e')
 9 APPPATH\Views\layout\main.php(45): view_cell('App\\Cells\\ArtikelTerkini::renderByKategori', [...])
10 SYSTEMPATH\View\View.php(238): include('C:\\TUGAS AMEL\\PHP MY ADMIN\\htdocs\\lab11_ci\\ci4\\app\\Views\\layout\\main.php')
11 SYSTEMPATH\View\View.php(241): CodeIgniter\View\View->CodeIgniter\View\{closure}()
12 SYSTEMPATH\View\View.php(254): CodeIgniter\View\View->render('layout/main', [], true)
13 SYSTEMPATH\Common.php(1250): CodeIgniter\View\View->render('contact', [], true)
14 APPPATH\Controllers\Page.php(17): view('contact', [...])
15 SYSTEMPATH\CodeIgniter.php(951): App\Controllers\Page->contact()
16 SYSTEMPATH\CodeIgniter.php(497): CodeIgniter\CodeIgniter->runController(Object(App\Controllers\Page))
17 SYSTEMPATH\CodeIgniter.php(340): CodeIgniter\CodeIgniter->handleRequest(null, Object(Config\Cache), false)
18 SYSTEMPATH\Boot.php(417): CodeIgniter\CodeIgniter->run()
19 SYSTEMPATH\Boot.php(68): CodeIgniter\Boot::runCodeIgniter(Object(CodeIgniter\CodeIgniter))
20 FCPATH\index.php(59): CodeIgniter\Boot::bootWeb(Object(Config\Paths))
21 SYSTEMPATH\rewrite.php(44): require_once('C:\\TUGAS AMEL\\PHP MY ADMIN\\htdocs\\lab11_ci\\ci4\\public\\index.php')
DEBUG - 2026-05-11 12:45:49 --> Session: Class initialized using 'CodeIgniter\Session\Handlers\FileHandler' driver.
DEBUG - 2026-05-11 12:45:53 --> Session: Class initialized using 'CodeIgniter\Session\Handlers\FileHandler' driver.
DEBUG - 2026-05-11 12:45:53 --> Session: Class initialized using 'CodeIgniter\Session\Handlers\FileHandler' driver.
DEBUG - 2026-05-11 12:45:53 --> Session: Class initialized using 'CodeIgniter\Session\Handlers\FileHandler' driver.
DEBUG - 2026-05-11 12:46:05 --> Session: Class initialized using 'CodeIgniter\Session\Handlers\FileHandler' driver.
DEBUG - 2026-05-11 12:46:06 --> Session: Class initialized using 'CodeIgniter\Session\Handlers\FileHandler' driver.
DEBUG - 2026-05-11 12:46:18 --> Session: Class initialized using 'CodeIgniter\Session\Handlers\FileHandler' driver.
DEBUG - 2026-05-11 12:46:19 --> Session: Class initialized using 'CodeIgniter\Session\Handlers\FileHandler' driver.
DEBUG - 2026-05-11 12:46:22 --> Session: Class initialized using 'CodeIgniter\Session\Handlers\FileHandler' driver.
DEBUG - 2026-05-11 12:46:23 --> Session: Class initialized using 'CodeIgniter\Session\Handlers\FileHandler' driver.
DEBUG - 2026-05-11 12:46:26 --> Session: Class initialized using 'CodeIgniter\Session\Handlers\FileHandler' driver.
DEBUG - 2026-05-11 12:46:26 --> Session: Class initialized using 'CodeIgniter\Session\Handlers\FileHandler' driver.
DEBUG - 2026-05-11 12:46:29 --> Session: Class initialized using 'CodeIgniter\Session\Handlers\FileHandler' driver.
DEBUG - 2026-05-11 12:46:29 --> Session: Class initialized using 'CodeIgniter\Session\Handlers\FileHandler' driver.
DEBUG - 2026-05-11 12:46:32 --> Session: Class initialized using 'CodeIgniter\Session\Handlers\FileHandler' driver.
DEBUG - 2026-05-11 12:46:33 --> Session: Class initialized using 'CodeIgniter\Session\Handlers\FileHandler' driver.
DEBUG - 2026-05-11 12:46:39 --> Session: Class initialized using 'CodeIgniter\Session\Handlers\FileHandler' driver.
DEBUG - 2026-05-11 12:46:39 --> Session: Class initialized using 'CodeIgniter\Session\Handlers\FileHandler' driver.
DEBUG - 2026-05-11 12:46:43 --> Session: Class initialized using 'CodeIgniter\Session\Handlers\FileHandler' driver.
DEBUG - 2026-05-11 12:46:43 --> Session: Class initialized using 'CodeIgniter\Session\Handlers\FileHandler' driver.
DEBUG - 2026-05-11 12:46:52 --> Session: Class initialized using 'CodeIgniter\Session\Handlers\FileHandler' driver.
DEBUG - 2026-05-11 12:46:52 --> Session: Class initialized using 'CodeIgniter\Session\Handlers\FileHandler' driver.
DEBUG - 2026-05-11 12:46:55 --> Session: Class initialized using 'CodeIgniter\Session\Handlers\FileHandler' driver.
DEBUG - 2026-05-11 12:46:55 --> Session: Class initialized using 'CodeIgniter\Session\Handlers\FileHandler' driver.
DEBUG - 2026-05-11 12:46:58 --> Session: Class initialized using 'CodeIgniter\Session\Handlers\FileHandler' driver.
DEBUG - 2026-05-11 12:46:58 --> Session: Class initialized using 'CodeIgniter\Session\Handlers\FileHandler' driver.
DEBUG - 2026-05-11 12:47:02 --> Session: Class initialized using 'CodeIgniter\Session\Handlers\FileHandler' driver.
DEBUG - 2026-05-11 12:47:02 --> Session: Class initialized using 'CodeIgniter\Session\Handlers\FileHandler' driver.
DEBUG - 2026-05-11 12:47:06 --> Session: Class initialized using 'CodeIgniter\Session\Handlers\FileHandler' driver.
DEBUG - 2026-05-11 12:47:06 --> Session: Class initialized using 'CodeIgniter\Session\Handlers\FileHandler' driver.
DEBUG - 2026-05-11 12:47:13 --> Session: Class initialized using 'CodeIgniter\Session\Handlers\FileHandler' driver.
DEBUG - 2026-05-11 12:47:14 --> Session: Class initialized using 'CodeIgniter\Session\Handlers\FileHandler' driver.
DEBUG - 2026-05-11 12:47:17 --> Session: Class initialized using 'CodeIgniter\Session\Handlers\FileHandler' driver.
DEBUG - 2026-05-11 12:47:17 --> Session: Class initialized using 'CodeIgniter\Session\Handlers\FileHandler' driver.
DEBUG - 2026-05-11 12:47:25 --> Session: Class initialized using 'CodeIgniter\Session\Handlers\FileHandler' driver.
DEBUG - 2026-05-11 12:47:26 --> Session: Class initialized using 'CodeIgniter\Session\Handlers\FileHandler' driver.
DEBUG - 2026-05-11 12:47:28 --> Session: Class initialized using 'CodeIgniter\Session\Handlers\FileHandler' driver.
DEBUG - 2026-05-11 12:48:52 --> Session: Class initialized using 'CodeIgniter\Session\Handlers\FileHandler' driver.
DEBUG - 2026-05-11 12:48:53 --> Session: Class initialized using 'CodeIgniter\Session\Handlers\FileHandler' driver.
DEBUG - 2026-05-11 12:49:12 --> Session: Class initialized using 'CodeIgniter\Session\Handlers\FileHandler' driver.
DEBUG - 2026-05-11 12:50:20 --> Session: Class initialized using 'CodeIgniter\Session\Handlers\FileHandler' driver.
DEBUG - 2026-05-11 12:50:21 --> Session: Class initialized using 'CodeIgniter\Session\Handlers\FileHandler' driver.
DEBUG - 2026-05-11 12:50:44 --> Session: Class initialized using 'CodeIgniter\Session\Handlers\FileHandler' driver.
DEBUG - 2026-05-11 12:50:50 --> Session: Class initialized using 'CodeIgniter\Session\Handlers\FileHandler' driver.
DEBUG - 2026-05-11 12:50:58 --> Session: Class initialized using 'CodeIgniter\Session\Handlers\FileHandler' driver.
DEBUG - 2026-05-11 12:51:06 --> Session: Class initialized using 'CodeIgniter\Session\Handlers\FileHandler' driver.
DEBUG - 2026-05-11 12:51:06 --> Session: Class initialized using 'CodeIgniter\Session\Handlers\FileHandler' driver.
DEBUG - 2026-05-11 12:51:08 --> Session: Class initialized using 'CodeIgniter\Session\Handlers\FileHandler' driver.
DEBUG - 2026-05-11 12:51:38 --> Session: Class initialized using 'CodeIgniter\Session\Handlers\FileHandler' driver.
DEBUG - 2026-05-11 12:51:38 --> Session: Class initialized using 'CodeIgniter\Session\Handlers\FileHandler' driver.
DEBUG - 2026-05-11 12:52:10 --> Session: Class initialized using 'CodeIgniter\Session\Handlers\FileHandler' driver.
DEBUG - 2026-05-11 12:53:09 --> Session: Class initialized using 'CodeIgniter\Session\Handlers\FileHandler' driver.
DEBUG - 2026-05-11 12:53:09 --> Session: Class initialized using 'CodeIgniter\Session\Handlers\FileHandler' driver.
DEBUG - 2026-05-11 12:53:52 --> Session: Class initialized using 'CodeIgniter\Session\Handlers\FileHandler' driver.
DEBUG - 2026-05-11 12:53:57 --> Session: Class initialized using 'CodeIgniter\Session\Handlers\FileHandler' driver.
DEBUG - 2026-05-11 12:54:01 --> Session: Class initialized using 'CodeIgniter\Session\Handlers\FileHandler' driver.
DEBUG - 2026-05-11 12:54:02 --> Session: Class initialized using 'CodeIgniter\Session\Handlers\FileHandler' driver.
DEBUG - 2026-05-11 12:54:04 --> Session: Class initialized using 'CodeIgniter\Session\Handlers\FileHandler' driver.
DEBUG - 2026-05-11 12:54:42 --> Session: Class initialized using 'CodeIgniter\Session\Handlers\FileHandler' driver.
DEBUG - 2026-05-11 12:54:43 --> Session: Class initialized using 'CodeIgniter\Session\Handlers\FileHandler' driver.
DEBUG - 2026-05-11 12:55:38 --> Session: Class initialized using 'CodeIgniter\Session\Handlers\FileHandler' driver.
DEBUG - 2026-05-11 12:56:26 --> Session: Class initialized using 'CodeIgniter\Session\Handlers\FileHandler' driver.
DEBUG - 2026-05-11 12:56:27 --> Session: Class initialized using 'CodeIgniter\Session\Handlers\FileHandler' driver.
DEBUG - 2026-05-11 12:56:50 --> Session: Class initialized using 'CodeIgniter\Session\Handlers\FileHandler' driver.
DEBUG - 2026-05-11 12:57:39 --> Session: Class initialized using 'CodeIgniter\Session\Handlers\FileHandler' driver.
DEBUG - 2026-05-11 12:57:39 --> Session: Class initialized using 'CodeIgniter\Session\Handlers\FileHandler' driver.
DEBUG - 2026-05-11 12:58:08 --> Session: Class initialized using 'CodeIgniter\Session\Handlers\FileHandler' driver.
DEBUG - 2026-05-11 12:58:48 --> Session: Class initialized using 'CodeIgniter\Session\Handlers\FileHandler' driver.
DEBUG - 2026-05-11 12:58:48 --> Session: Class initialized using 'CodeIgniter\Session\Handlers\FileHandler' driver.
DEBUG - 2026-05-11 12:59:41 --> Session: Class initialized using 'CodeIgniter\Session\Handlers\FileHandler' driver.
DEBUG - 2026-05-11 13:00:32 --> Session: Class initialized using 'CodeIgniter\Session\Handlers\FileHandler' driver.
DEBUG - 2026-05-11 13:00:32 --> Session: Class initialized using 'CodeIgniter\Session\Handlers\FileHandler' driver.
DEBUG - 2026-05-11 13:08:08 --> Session: Class initialized using 'CodeIgniter\Session\Handlers\FileHandler' driver.
DEBUG - 2026-05-11 13:08:23 --> Session: Class initialized using 'CodeIgniter\Session\Handlers\FileHandler' driver.
DEBUG - 2026-05-11 13:09:33 --> Session: Class initialized using 'CodeIgniter\Session\Handlers\FileHandler' driver.
