CRITICAL - 2026-03-25 12:59:07 --> CodeIgniter\View\Exceptions\ViewException: Unable to locate view cell class: "App\Cells\ArtikelTerkini".
[Method: GET, Route: about]
in SYSTEMPATH\View\Cell.php on line 186.
 1 SYSTEMPATH\View\Cell.php(186): CodeIgniter\View\Exceptions\ViewException::forInvalidCellClass('App\\Cells\\ArtikelTerkini')
 2 SYSTEMPATH\View\Cell.php(79): CodeIgniter\View\Cell->determineClass('App\\Cells\\ArtikelTerkini:render')
 3 SYSTEMPATH\Common.php(1266): CodeIgniter\View\Cell->render('App\\Cells\\ArtikelTerkini::render', null, 0, null)
 4 APPPATH\Views\layout\main.php(30): view_cell('App\\Cells\\ArtikelTerkini::render')
 5 SYSTEMPATH\View\View.php(238): include('C:\\TUGAS AMEL\\PHP MY ADMIN\\htdocs\\lab11_ci\\ci4\\app\\Views\\layout\\main.php')
 6 SYSTEMPATH\View\View.php(241): CodeIgniter\View\View->CodeIgniter\View\{closure}()
 7 SYSTEMPATH\View\View.php(254): CodeIgniter\View\View->render('layout/main', [], true)
 8 SYSTEMPATH\Common.php(1250): CodeIgniter\View\View->render('about', [], true)
 9 APPPATH\Controllers\Page.php(9): view('about', [...])
10 SYSTEMPATH\CodeIgniter.php(951): App\Controllers\Page->about()
11 SYSTEMPATH\CodeIgniter.php(497): CodeIgniter\CodeIgniter->runController(Object(App\Controllers\Page))
12 SYSTEMPATH\CodeIgniter.php(340): CodeIgniter\CodeIgniter->handleRequest(null, Object(Config\Cache), false)
13 SYSTEMPATH\Boot.php(417): CodeIgniter\CodeIgniter->run()
14 SYSTEMPATH\Boot.php(68): CodeIgniter\Boot::runCodeIgniter(Object(CodeIgniter\CodeIgniter))
15 FCPATH\index.php(59): CodeIgniter\Boot::bootWeb(Object(Config\Paths))
16 SYSTEMPATH\rewrite.php(44): require_once('C:\\TUGAS AMEL\\PHP MY ADMIN\\htdocs\\lab11_ci\\ci4\\public\\index.php')
CRITICAL - 2026-03-25 13:07:16 --> ErrorException: Declaration of App\Cells\ArtikelTerkini::render() must be compatible with CodeIgniter\View\Cell::render(string $library, $params = null, int $ttl = 0, ?string $cacheName = null): string
[Method: GET, Route: about]
in APPPATH\Cells\ArtikelTerkini.php on line 7.
 1 [internal function]: CodeIgniter\Debug\Exceptions->shutdownHandler()
CRITICAL - 2026-03-25 13:07:29 --> ErrorException: Declaration of App\Cells\ArtikelTerkini::render() must be compatible with CodeIgniter\View\Cell::render(string $library, $params = null, int $ttl = 0, ?string $cacheName = null): string
[Method: GET, Route: about]
in APPPATH\Cells\ArtikelTerkini.php on line 7.
 1 [internal function]: CodeIgniter\Debug\Exceptions->shutdownHandler()
CRITICAL - 2026-03-25 13:07:31 --> ErrorException: Declaration of App\Cells\ArtikelTerkini::render() must be compatible with CodeIgniter\View\Cell::render(string $library, $params = null, int $ttl = 0, ?string $cacheName = null): string
[Method: GET, Route: contact]
in APPPATH\Cells\ArtikelTerkini.php on line 7.
 1 [internal function]: CodeIgniter\Debug\Exceptions->shutdownHandler()
CRITICAL - 2026-03-25 13:11:36 --> ArgumentCountError: Too few arguments to function CodeIgniter\View\Cell::__construct(), 0 passed in C:\TUGAS AMEL\PHP MY ADMIN\htdocs\lab11_ci\ci4\system\Config\Factories.php on line 153 and exactly 1 expected
[Method: GET, Route: contact]
in SYSTEMPATH\View\Cell.php on line 62.
 1 SYSTEMPATH\Config\Factories.php(153): CodeIgniter\View\Cell->__construct()
 2 SYSTEMPATH\View\Cell.php(183): CodeIgniter\Config\Factories::__callStatic('cells', [])
 3 SYSTEMPATH\View\Cell.php(79): CodeIgniter\View\Cell->determineClass('App\\Cells\\ArtikelTerkini:render')
 4 SYSTEMPATH\Common.php(1266): CodeIgniter\View\Cell->render('App\\Cells\\ArtikelTerkini::render', null, 0, null)
 5 APPPATH\Views\layout\main.php(30): view_cell('App\\Cells\\ArtikelTerkini::render')
 6 SYSTEMPATH\View\View.php(238): include('C:\\TUGAS AMEL\\PHP MY ADMIN\\htdocs\\lab11_ci\\ci4\\app\\Views\\layout\\main.php')
 7 SYSTEMPATH\View\View.php(241): CodeIgniter\View\View->CodeIgniter\View\{closure}()
 8 SYSTEMPATH\View\View.php(254): CodeIgniter\View\View->render('layout/main', [], true)
 9 SYSTEMPATH\Common.php(1250): CodeIgniter\View\View->render('contact', [], true)
10 APPPATH\Controllers\Page.php(17): view('contact', [...])
11 SYSTEMPATH\CodeIgniter.php(951): App\Controllers\Page->contact()
12 SYSTEMPATH\CodeIgniter.php(497): CodeIgniter\CodeIgniter->runController(Object(App\Controllers\Page))
13 SYSTEMPATH\CodeIgniter.php(340): CodeIgniter\CodeIgniter->handleRequest(null, Object(Config\Cache), false)
14 SYSTEMPATH\Boot.php(417): CodeIgniter\CodeIgniter->run()
15 SYSTEMPATH\Boot.php(68): CodeIgniter\Boot::runCodeIgniter(Object(CodeIgniter\CodeIgniter))
16 FCPATH\index.php(59): CodeIgniter\Boot::bootWeb(Object(Config\Paths))
17 SYSTEMPATH\rewrite.php(44): require_once('C:\\TUGAS AMEL\\PHP MY ADMIN\\htdocs\\lab11_ci\\ci4\\public\\index.php')
ERROR - 2026-03-25 13:13:44 --> Unknown column 'created_at' in 'order clause'
in SYSTEMPATH\Database\MySQLi\Connection.php on line 300.
 1 SYSTEMPATH\Database\MySQLi\Connection.php(300): mysqli->query('SELECT *
FROM `artikel`
ORDER BY `created_at` DESC
 LIMIT 5', 0)
 2 SYSTEMPATH\Database\BaseConnection.php(769): CodeIgniter\Database\MySQLi\Connection->execute('SELECT *
FROM `artikel`
ORDER BY `created_at` DESC
 LIMIT 5')
 3 SYSTEMPATH\Database\BaseConnection.php(686): CodeIgniter\Database\BaseConnection->simpleQuery('SELECT *
FROM `artikel`
ORDER BY `created_at` DESC
 LIMIT 5')
 4 SYSTEMPATH\Database\BaseBuilder.php(1649): CodeIgniter\Database\BaseConnection->query('SELECT *
FROM `artikel`
ORDER BY `created_at` DESC
 LIMIT 5', [], false)
 5 SYSTEMPATH\Model.php(254): CodeIgniter\Database\BaseBuilder->get()
 6 SYSTEMPATH\BaseModel.php(675): CodeIgniter\Model->doFindAll(0, 0)
 7 APPPATH\Cells\ArtikelTerkini.php(12): CodeIgniter\BaseModel->findAll()
 8 SYSTEMPATH\View\Cell.php(280): App\Cells\ArtikelTerkini->render()
 9 SYSTEMPATH\View\Cell.php(106): CodeIgniter\View\Cell->renderSimpleClass(Object(App\Cells\ArtikelTerkini), 'render', [], 'App\\Cells\\ArtikelTerkini')
10 SYSTEMPATH\Common.php(1266): CodeIgniter\View\Cell->render('App\\Cells\\ArtikelTerkini::render', [], 0, 'AppCellsArtikelTerkinirender40cd750bba9870f18aada2478b24840a')
11 APPPATH\Views\layout\main.php(30): view_cell('App\\Cells\\ArtikelTerkini::render')
12 SYSTEMPATH\View\View.php(238): include('C:\\TUGAS AMEL\\PHP MY ADMIN\\htdocs\\lab11_ci\\ci4\\app\\Views\\layout\\main.php')
13 SYSTEMPATH\View\View.php(241): CodeIgniter\View\View->CodeIgniter\View\{closure}()
14 SYSTEMPATH\View\View.php(254): CodeIgniter\View\View->render('layout/main', [], true)
15 SYSTEMPATH\Common.php(1250): CodeIgniter\View\View->render('contact', [], true)
16 APPPATH\Controllers\Page.php(17): view('contact', [...])
17 SYSTEMPATH\CodeIgniter.php(951): App\Controllers\Page->contact()
18 SYSTEMPATH\CodeIgniter.php(497): CodeIgniter\CodeIgniter->runController(Object(App\Controllers\Page))
19 SYSTEMPATH\CodeIgniter.php(340): CodeIgniter\CodeIgniter->handleRequest(null, Object(Config\Cache), false)
20 SYSTEMPATH\Boot.php(417): CodeIgniter\CodeIgniter->run()
21 SYSTEMPATH\Boot.php(68): CodeIgniter\Boot::runCodeIgniter(Object(CodeIgniter\CodeIgniter))
22 FCPATH\index.php(59): CodeIgniter\Boot::bootWeb(Object(Config\Paths))
23 SYSTEMPATH\rewrite.php(44): require_once('C:\\TUGAS AMEL\\PHP MY ADMIN\\htdocs\\lab11_ci\\ci4\\public\\index.php')
CRITICAL - 2026-03-25 13:13:44 --> CodeIgniter\Database\Exceptions\DatabaseException: Unknown column 'created_at' in 'order clause'
[Method: GET, Route: contact]
in SYSTEMPATH\Database\BaseConnection.php on line 724.
 1 SYSTEMPATH\Database\BaseBuilder.php(1649): CodeIgniter\Database\BaseConnection->query('SELECT *
FROM `artikel`
ORDER BY `created_at` DESC
 LIMIT 5', [], false)
 2 SYSTEMPATH\Model.php(254): CodeIgniter\Database\BaseBuilder->get()
 3 SYSTEMPATH\BaseModel.php(675): CodeIgniter\Model->doFindAll(0, 0)
 4 APPPATH\Cells\ArtikelTerkini.php(12): CodeIgniter\BaseModel->findAll()
 5 SYSTEMPATH\View\Cell.php(280): App\Cells\ArtikelTerkini->render()
 6 SYSTEMPATH\View\Cell.php(106): CodeIgniter\View\Cell->renderSimpleClass(Object(App\Cells\ArtikelTerkini), 'render', [], 'App\\Cells\\ArtikelTerkini')
 7 SYSTEMPATH\Common.php(1266): CodeIgniter\View\Cell->render('App\\Cells\\ArtikelTerkini::render', [], 0, 'AppCellsArtikelTerkinirender40cd750bba9870f18aada2478b24840a')
 8 APPPATH\Views\layout\main.php(30): view_cell('App\\Cells\\ArtikelTerkini::render')
 9 SYSTEMPATH\View\View.php(238): include('C:\\TUGAS AMEL\\PHP MY ADMIN\\htdocs\\lab11_ci\\ci4\\app\\Views\\layout\\main.php')
10 SYSTEMPATH\View\View.php(241): CodeIgniter\View\View->CodeIgniter\View\{closure}()
11 SYSTEMPATH\View\View.php(254): CodeIgniter\View\View->render('layout/main', [], true)
12 SYSTEMPATH\Common.php(1250): CodeIgniter\View\View->render('contact', [], true)
13 APPPATH\Controllers\Page.php(17): view('contact', [...])
14 SYSTEMPATH\CodeIgniter.php(951): App\Controllers\Page->contact()
15 SYSTEMPATH\CodeIgniter.php(497): CodeIgniter\CodeIgniter->runController(Object(App\Controllers\Page))
16 SYSTEMPATH\CodeIgniter.php(340): CodeIgniter\CodeIgniter->handleRequest(null, Object(Config\Cache), false)
17 SYSTEMPATH\Boot.php(417): CodeIgniter\CodeIgniter->run()
18 SYSTEMPATH\Boot.php(68): CodeIgniter\Boot::runCodeIgniter(Object(CodeIgniter\CodeIgniter))
19 FCPATH\index.php(59): CodeIgniter\Boot::bootWeb(Object(Config\Paths))
20 SYSTEMPATH\rewrite.php(44): require_once('C:\\TUGAS AMEL\\PHP MY ADMIN\\htdocs\\lab11_ci\\ci4\\public\\index.php')
CRITICAL - 2026-03-25 13:13:44 --> [Caused by] CodeIgniter\Database\Exceptions\DatabaseException: Unknown column 'created_at' in 'order clause'
in SYSTEMPATH\Database\MySQLi\Connection.php on line 310.
 1 SYSTEMPATH\Database\BaseConnection.php(769): CodeIgniter\Database\MySQLi\Connection->execute('SELECT *
FROM `artikel`
ORDER BY `created_at` DESC
 LIMIT 5')
 2 SYSTEMPATH\Database\BaseConnection.php(686): CodeIgniter\Database\BaseConnection->simpleQuery('SELECT *
FROM `artikel`
ORDER BY `created_at` DESC
 LIMIT 5')
 3 SYSTEMPATH\Database\BaseBuilder.php(1649): CodeIgniter\Database\BaseConnection->query('SELECT *
FROM `artikel`
ORDER BY `created_at` DESC
 LIMIT 5', [], false)
 4 SYSTEMPATH\Model.php(254): CodeIgniter\Database\BaseBuilder->get()
 5 SYSTEMPATH\BaseModel.php(675): CodeIgniter\Model->doFindAll(0, 0)
 6 APPPATH\Cells\ArtikelTerkini.php(12): CodeIgniter\BaseModel->findAll()
 7 SYSTEMPATH\View\Cell.php(280): App\Cells\ArtikelTerkini->render()
 8 SYSTEMPATH\View\Cell.php(106): CodeIgniter\View\Cell->renderSimpleClass(Object(App\Cells\ArtikelTerkini), 'render', [], 'App\\Cells\\ArtikelTerkini')
 9 SYSTEMPATH\Common.php(1266): CodeIgniter\View\Cell->render('App\\Cells\\ArtikelTerkini::render', [], 0, 'AppCellsArtikelTerkinirender40cd750bba9870f18aada2478b24840a')
10 APPPATH\Views\layout\main.php(30): view_cell('App\\Cells\\ArtikelTerkini::render')
11 SYSTEMPATH\View\View.php(238): include('C:\\TUGAS AMEL\\PHP MY ADMIN\\htdocs\\lab11_ci\\ci4\\app\\Views\\layout\\main.php')
12 SYSTEMPATH\View\View.php(241): CodeIgniter\View\View->CodeIgniter\View\{closure}()
13 SYSTEMPATH\View\View.php(254): CodeIgniter\View\View->render('layout/main', [], true)
14 SYSTEMPATH\Common.php(1250): CodeIgniter\View\View->render('contact', [], true)
15 APPPATH\Controllers\Page.php(17): view('contact', [...])
16 SYSTEMPATH\CodeIgniter.php(951): App\Controllers\Page->contact()
17 SYSTEMPATH\CodeIgniter.php(497): CodeIgniter\CodeIgniter->runController(Object(App\Controllers\Page))
18 SYSTEMPATH\CodeIgniter.php(340): CodeIgniter\CodeIgniter->handleRequest(null, Object(Config\Cache), false)
19 SYSTEMPATH\Boot.php(417): CodeIgniter\CodeIgniter->run()
20 SYSTEMPATH\Boot.php(68): CodeIgniter\Boot::runCodeIgniter(Object(CodeIgniter\CodeIgniter))
21 FCPATH\index.php(59): CodeIgniter\Boot::bootWeb(Object(Config\Paths))
22 SYSTEMPATH\rewrite.php(44): require_once('C:\\TUGAS AMEL\\PHP MY ADMIN\\htdocs\\lab11_ci\\ci4\\public\\index.php')
CRITICAL - 2026-03-25 13:13:44 --> [Caused by] mysqli_sql_exception: Unknown column 'created_at' in 'order clause'
in SYSTEMPATH\Database\MySQLi\Connection.php on line 300.
 1 SYSTEMPATH\Database\MySQLi\Connection.php(300): mysqli->query('SELECT *
FROM `artikel`
ORDER BY `created_at` DESC
 LIMIT 5', 0)
 2 SYSTEMPATH\Database\BaseConnection.php(769): CodeIgniter\Database\MySQLi\Connection->execute('SELECT *
FROM `artikel`
ORDER BY `created_at` DESC
 LIMIT 5')
 3 SYSTEMPATH\Database\BaseConnection.php(686): CodeIgniter\Database\BaseConnection->simpleQuery('SELECT *
FROM `artikel`
ORDER BY `created_at` DESC
 LIMIT 5')
 4 SYSTEMPATH\Database\BaseBuilder.php(1649): CodeIgniter\Database\BaseConnection->query('SELECT *
FROM `artikel`
ORDER BY `created_at` DESC
 LIMIT 5', [], false)
 5 SYSTEMPATH\Model.php(254): CodeIgniter\Database\BaseBuilder->get()
 6 SYSTEMPATH\BaseModel.php(675): CodeIgniter\Model->doFindAll(0, 0)
 7 APPPATH\Cells\ArtikelTerkini.php(12): CodeIgniter\BaseModel->findAll()
 8 SYSTEMPATH\View\Cell.php(280): App\Cells\ArtikelTerkini->render()
 9 SYSTEMPATH\View\Cell.php(106): CodeIgniter\View\Cell->renderSimpleClass(Object(App\Cells\ArtikelTerkini), 'render', [], 'App\\Cells\\ArtikelTerkini')
10 SYSTEMPATH\Common.php(1266): CodeIgniter\View\Cell->render('App\\Cells\\ArtikelTerkini::render', [], 0, 'AppCellsArtikelTerkinirender40cd750bba9870f18aada2478b24840a')
11 APPPATH\Views\layout\main.php(30): view_cell('App\\Cells\\ArtikelTerkini::render')
12 SYSTEMPATH\View\View.php(238): include('C:\\TUGAS AMEL\\PHP MY ADMIN\\htdocs\\lab11_ci\\ci4\\app\\Views\\layout\\main.php')
13 SYSTEMPATH\View\View.php(241): CodeIgniter\View\View->CodeIgniter\View\{closure}()
14 SYSTEMPATH\View\View.php(254): CodeIgniter\View\View->render('layout/main', [], true)
15 SYSTEMPATH\Common.php(1250): CodeIgniter\View\View->render('contact', [], true)
16 APPPATH\Controllers\Page.php(17): view('contact', [...])
17 SYSTEMPATH\CodeIgniter.php(951): App\Controllers\Page->contact()
18 SYSTEMPATH\CodeIgniter.php(497): CodeIgniter\CodeIgniter->runController(Object(App\Controllers\Page))
19 SYSTEMPATH\CodeIgniter.php(340): CodeIgniter\CodeIgniter->handleRequest(null, Object(Config\Cache), false)
20 SYSTEMPATH\Boot.php(417): CodeIgniter\CodeIgniter->run()
21 SYSTEMPATH\Boot.php(68): CodeIgniter\Boot::runCodeIgniter(Object(CodeIgniter\CodeIgniter))
22 FCPATH\index.php(59): CodeIgniter\Boot::bootWeb(Object(Config\Paths))
23 SYSTEMPATH\rewrite.php(44): require_once('C:\\TUGAS AMEL\\PHP MY ADMIN\\htdocs\\lab11_ci\\ci4\\public\\index.php')
CRITICAL - 2026-03-25 13:32:25 --> ErrorException: Undefined variable $title
[Method: GET, Route: /]
in APPPATH\Views\welcome_message.php on line 4.
 1 APPPATH\Views\welcome_message.php(4): CodeIgniter\Debug\Exceptions->errorHandler(2, 'Undefined variable $title', 'C:\\TUGAS AMEL\\PHP MY ADMIN\\htdocs\\lab11_ci\\ci4\\app\\Views\\welcome_message.php', 4)
 2 SYSTEMPATH\View\View.php(238): include('C:\\TUGAS AMEL\\PHP MY ADMIN\\htdocs\\lab11_ci\\ci4\\app\\Views\\welcome_message.php')
 3 SYSTEMPATH\View\View.php(241): CodeIgniter\View\View->CodeIgniter\View\{closure}()
 4 SYSTEMPATH\Common.php(1250): CodeIgniter\View\View->render('welcome_message', [], true)
 5 APPPATH\Controllers\Home.php(9): view('welcome_message')
 6 SYSTEMPATH\CodeIgniter.php(951): App\Controllers\Home->index()
 7 SYSTEMPATH\CodeIgniter.php(497): CodeIgniter\CodeIgniter->runController(Object(App\Controllers\Home))
 8 SYSTEMPATH\CodeIgniter.php(340): CodeIgniter\CodeIgniter->handleRequest(null, Object(Config\Cache), false)
 9 SYSTEMPATH\Boot.php(417): CodeIgniter\CodeIgniter->run()
10 SYSTEMPATH\Boot.php(68): CodeIgniter\Boot::runCodeIgniter(Object(CodeIgniter\CodeIgniter))
11 FCPATH\index.php(59): CodeIgniter\Boot::bootWeb(Object(Config\Paths))
12 SYSTEMPATH\rewrite.php(44): require_once('C:\\TUGAS AMEL\\PHP MY ADMIN\\htdocs\\lab11_ci\\ci4\\public\\index.php')
CRITICAL - 2026-03-25 13:34:01 --> CodeIgniter\View\Exceptions\ViewException: Invalid file: "home.php"
[Method: GET, Route: /]
in SYSTEMPATH\Exceptions\FrameworkException.php on line 39.
 1 SYSTEMPATH\View\View.php(226): CodeIgniter\Exceptions\FrameworkException::forInvalidFile('home.php')
 2 SYSTEMPATH\Common.php(1250): CodeIgniter\View\View->render('home', [], true)
 3 APPPATH\Controllers\Home.php(13): view('home', [...])
 4 SYSTEMPATH\CodeIgniter.php(951): App\Controllers\Home->index()
 5 SYSTEMPATH\CodeIgniter.php(497): CodeIgniter\CodeIgniter->runController(Object(App\Controllers\Home))
 6 SYSTEMPATH\CodeIgniter.php(340): CodeIgniter\CodeIgniter->handleRequest(null, Object(Config\Cache), false)
 7 SYSTEMPATH\Boot.php(417): CodeIgniter\CodeIgniter->run()
 8 SYSTEMPATH\Boot.php(68): CodeIgniter\Boot::runCodeIgniter(Object(CodeIgniter\CodeIgniter))
 9 FCPATH\index.php(59): CodeIgniter\Boot::bootWeb(Object(Config\Paths))
10 SYSTEMPATH\rewrite.php(44): require_once('C:\\TUGAS AMEL\\PHP MY ADMIN\\htdocs\\lab11_ci\\ci4\\public\\index.php')
